// Vitest Snapshot v1

exports[`GenerateUrl snapshot 1`] = `
<body>
  <div>
    <main>
      <p>
        <button
          type="button"
        >
          Generate URL for OBS browser
        </button>
         
        <input
          placeholder="OBS URL"
        />
         
        <button
          type="button"
        >
          Copy URL
        </button>
         
        <button
          type="button"
        >
          Reset URL
        </button>
      </p>
    </main>
  </div>
</body>
`;
